// Vitest Snapshot v1, https://vitest.dev/guide/snapshot.html

exports[`Hello.svelte > mounts 1`] = `"<div><div>4 x 2 = 8</div> <button>x1</button><!--<Hello>--></div>"`;
